Launching test for generate
========================================
Training Standard PINN baseline...
Starting standard PINN optimization for 2500 epochs...
Epoch 0: Total Loss 0.61567 | MSE_b 0.29971 | MSE_u 0.00000 | MSE_f 0.31596
Epoch 250: Total Loss 0.31619 | MSE_b 0.00000 | MSE_u 0.00000 | MSE_f 0.31619
Epoch 500: Total Loss 0.31601 | MSE_b 0.00000 | MSE_u 0.00000 | MSE_f 0.31601
Epoch 750: Total Loss 0.31573 | MSE_b 0.00000 | MSE_u 0.00000 | MSE_f 0.31573
Epoch 1000: Total Loss 0.31521 | MSE_b 0.00000 | MSE_u 0.00000 | MSE_f 0.31521
Epoch 1250: Total Loss 0.31364 | MSE_b 0.00000 | MSE_u 0.00000 | MSE_f 0.31364
Epoch 1500: Total Loss 0.06339 | MSE_b 0.00000 | MSE_u 0.00000 | MSE_f 0.06339
Epoch 1750: Total Loss 0.01133 | MSE_b 0.00000 | MSE_u 0.00000 | MSE_f 0.01133
Epoch 2000: Total Loss 0.00636 | MSE_b 0.00000 | MSE_u 0.00000 | MSE_f 0.00636
Epoch 2250: Total Loss 0.00254 | MSE_b 0.00000 | MSE_u 0.00000 | MSE_f 0.00254
Training complete.
Standard PINN Relative L2 Error: 1.0581

========================================
Training B-PINN (HMC)...
Starting B-PINN HMC Sampling with 200 total transitions...
Sampling complete. Gathered 201 samples of dimension 2701.
Diagnostics: Samples Std Dev Mean = 0.14130, Max = 0.51072

========================================
Evaluating B-PINN Uncertainty Metrics...
Target Coverage: ~95.4% (using 2-sigma bounds)
PICP: 100.00% of the true solution is captured within bounds.
MPIW: 1.0779 average width of the uncertainty interval.
Mean NLL: 0.0163 (Lower is better)
L2 relative error: 0.6188 
Expected Calibration Error (ECE): 0.0703

========================================
Generating plots...
Loss curves plot saved successfully to: experiments/results/poisson_1d_loss.png
Plot saved successfully to: experiments/results/poisson_1d_pinn_result.png
Plot saved successfully to: experiments/results/poisson_1d_bpinn_result.png
