Launching test for generate

=================================================================
Experiment: Case 1 | sigma=0.01 | init near truth
  True sigma_u=0.01, init sigma_u=0.010
  True k=0.7, init k=0.5
=================================================================
Chain mixing (mean std across weights): 0.04036
k        | mean: 0.5488  std: 2.03e-03  (true: 0.7)
sigma_u  | mean: 0.1074  std: 6.44e-03  (true: 0.01)

=================================================================
Experiment: Case 1 | sigma=0.01 | init far from truth
  True sigma_u=0.01, init sigma_u=0.500
  True k=0.7, init k=0.5
=================================================================
Chain mixing (mean std across weights): 0.00000
k        | mean: 0.5364  std: 1.19e-07  (true: 0.7)
sigma_u  | mean: 0.5101  std: 5.96e-08  (true: 0.01)

=================================================================
Experiment: Case 2 | sigma_u=0.1 | init near truth
  True sigma_u=0.1, init sigma_u=0.100
  True k=0.7, init k=0.5
=================================================================
Chain mixing (mean std across weights): 0.06512
k        | mean: 0.8967  std: 3.07e-02  (true: 0.7)
sigma_u  | mean: 0.3414  std: 1.03e-02  (true: 0.1)

=================================================================
Experiment: Case 2 | sigma_u=0.1 | init far from truth
  True sigma_u=0.1, init sigma_u=0.500
  True k=0.7, init k=0.5
=================================================================
Chain mixing (mean std across weights): 0.00000
k        | mean: 0.2177  std: 4.47e-08  (true: 0.7)
sigma_u  | mean: 0.5622  std: 0.00e+00  (true: 0.1)

======================================================================
Summary: Inferred k and sigma_u across all experiments
Experiment                                      k mean      k std   σ_u mean    σ_u std
----------------------------------------------------------------------
Case 1 | σ=0.01 | init σ_u=0.01 (near truth)     0.549   2.03e-03     0.1074   6.44e-03
Case 1 | σ=0.01 | init σ_u=0.5 (far from tru     0.536   1.19e-07     0.5101   5.96e-08
Case 2 | σ_u=0.1 | init σ_u=0.1 (near truth)     0.897   3.07e-02     0.3414   1.03e-02
Case 2 | σ_u=0.1 | init σ_u=0.5 (far from tr     0.218   4.47e-08     0.5622   0.00e+00
True values                                      0.700          —
======================================================================

Figure saved to experiments/results/bpinn_inverse_sigma_u.png
